// Jest Snapshot v1, https://goo.gl/fbAQLP

exports[`LogInPage should render correctly 1`] = `ShallowWrapper {}`;