// Jest Snapshot v1, https://goo.gl/fbAQLP

exports[`PrimaryPage should render correctly 1`] = `ShallowWrapper {}`;